src/app/registro/page.tsx(86,22): error TS2304: Cannot find name 'User'.
src/app/registro/page.tsx(96,22): error TS2304: Cannot find name 'Mail'.
src/app/registro/page.tsx(106,22): error TS2786: 'Lock' cannot be used as a JSX component.
  Its type '{ new (): Lock; prototype: Lock; }' is not a valid JSX element type.
    Type '{ new (): Lock; prototype: Lock; }' is not assignable to type 'new (props: any, context: any) => Component<any, any, any>'.
      Type 'Lock' is missing the following properties from type 'Component<any, any, any>': context, setState, forceUpdate, render, and 2 more.
src/app/registro/page.tsx(117,22): error TS2786: 'Lock' cannot be used as a JSX component.
  Its type '{ new (): Lock; prototype: Lock; }' is not a valid JSX element type.
    Type '{ new (): Lock; prototype: Lock; }' is not assignable to type 'new (props: any, context: any) => Component<any, any, any>'.
      Type 'Lock' is missing the following properties from type 'Component<any, any, any>': context, setState, forceUpdate, render, and 2 more.
